To honour the JVM settings for this build a single-use Daemon process will be forked. For more on this, please refer to https://docs.gradle.org/9.3.1/userguide/gradle_daemon.html#sec:disabling_the_daemon in the Gradle documentation.
Daemon will be stopped at the end of the build 
> Task :app:preBuild UP-TO-DATE
> Task :app:preDebugBuild UP-TO-DATE
> Task :app:generateDebugBuildConfig UP-TO-DATE
> Task :app:generateDebugResources UP-TO-DATE
> Task :app:processDebugGoogleServices UP-TO-DATE
> Task :app:packageDebugResources UP-TO-DATE
> Task :app:processDebugNavigationResources UP-TO-DATE
> Task :app:parseDebugLocalResources UP-TO-DATE
> Task :app:generateDebugRFile UP-TO-DATE
> Task :app:kspDebugKotlin UP-TO-DATE

> Task :app:compileDebugKotlin
e: file:///app/applet/app/src/main/java/com/aistudio/perfumatico/ui/screens/ChatScreen.kt:75:39 Unsupported escape sequence.
e: file:///app/applet/app/src/main/java/com/aistudio/perfumatico/ui/screens/ChatScreen.kt:75:56 Unsupported escape sequence.
e: file:///app/applet/app/src/main/java/com/aistudio/perfumatico/ui/screens/ChatScreen.kt:75:64 Unsupported escape sequence.
e: file:///app/applet/app/src/main/java/com/aistudio/perfumatico/ui/screens/ChatScreen.kt:75:67 Unsupported escape sequence.
e: file:///app/applet/app/src/main/java/com/aistudio/perfumatico/ui/screens/ChatScreen.kt:75:69 Unsupported escape sequence.
e: file:///app/applet/app/src/main/java/com/aistudio/perfumatico/ui/screens/ChatScreen.kt:75:77 Unsupported escape sequence.
e: file:///app/applet/app/src/main/java/com/aistudio/perfumatico/ui/screens/ChatScreen.kt:75:80 Unsupported escape sequence.
e: file:///app/applet/app/src/main/java/com/aistudio/perfumatico/ui/viewmodel/ChatViewModel.kt:36:49 Unsupported escape sequence.
e: file:///app/applet/app/src/main/java/com/aistudio/perfumatico/ui/viewmodel/ChatViewModel.kt:36:69 Unsupported escape sequence.

> Task :app:compileDebugKotlin FAILED

FAILURE: Build failed with an exception.

* What went wrong:
Execution failed for task ':app:compileDebugKotlin'.
> A failure occurred while executing org.jetbrains.kotlin.compilerRunner.GradleCompilerRunnerWithWorkers$GradleKotlinCompilerWorkAction
   > Compilation error. See log for more details

* Try:
> Run with --stacktrace option to get the stack trace.
> Run with --info or --debug option to get more log output.
> Run with --scan to get full insights from a Build Scan (powered by Develocity).
> Get more help at https://help.gradle.org.

BUILD FAILED in 1m 35s
9 actionable tasks: 1 executed, 8 up-to-date
